Input #0, matroska,webm, from 'C:\Users\Administrator\Documents\captureit-ops\data\sessions\session_20261002_142716_359\session_source.webm':
  Metadata:
    encoder         : Chrome
  Duration: N/A, start: 0.000000, bitrate: N/A
  Stream #0:0(eng): Video: vp9 (Profile 0), yuv420p(pc, bt709/unknown/unknown), 1280x720, SAR 1:1 DAR 16:9, 16.67 fps, 16.67 tbr, 1k tbn (default)
    Metadata:
      alpha_mode      : 1
Stream mapping:
  Stream #0:0 -> #0:0 (vp9 (native) -> h264 (libx264))
Press [q] to stop, [?] for help
[libx264 @ 000002009a2cdb80] using SAR=1/1
[libx264 @ 000002009a2cdb80] using cpu capabilities: MMX2 SSE2Fast SSSE3 SSE4.2 AVX FMA3 BMI2 AVX2 AVX512
[libx264 @ 000002009a2cdb80] profile High, level 4.2, 4:2:0, 8-bit
[libx264 @ 000002009a2cdb80] 264 - core 165 r3223 0480cb0 - H.264/MPEG-4 AVC codec - Copyleft 2003-2025 - http://www.videolan.org/x264.html - options: cabac=1 ref=3 deblock=1:0:0 analyse=0x3:0x113 me=hex subme=7 psy=1 psy_rd=1.00:0.00 mixed_ref=1 me_range=16 chroma_me=1 trellis=1 8x8dct=1 cqm=0 deadzone=21,11 fast_pskip=1 chroma_qp_offset=-2 threads=18 lookahead_threads=3 sliced_threads=0 nr=0 decimate=1 interlaced=0 bluray_compat=0 constrained_intra=0 bframes=3 b_pyramid=2 b_adapt=1 b_bias=0 direct=1 weightb=1 open_gop=0 weightp=2 keyint=250 keyint_min=25 scenecut=40 intra_refresh=0 rc_lookahead=40 rc=crf mbtree=1 crf=17.0 qcomp=0.60 qpmin=0 qpmax=69 qpstep=4 ip_ratio=1.40 aq=1:1.00
Output #0, mp4, to 'C:\Users\Administrator\Documents\captureit-ops\data\sessions\session_20261002_142716_359\take_03.mp4':
  Metadata:
    encoder         : Lavf63.1.101
  Stream #0:0(eng): Video: h264 (avc1 / 0x31637661), yuv420p(pc, bt709/unknown/unknown, progressive), 1280x720 [SAR 1:1 DAR 16:9], q=2-31, 30 fps, 15360 tbn (default)
    Metadata:
      encoder         : Lavc63.1.101 libx264
      alpha_mode      : 1
    Side data:
      CPB properties: bitrate max/min/avg: 0/0/0 buffer size: 0 vbv_delay: N/A
frame=    5 fps=4.9 q=23.0 size=       0KiB time=00:00:00.10 bitrate=   3.8kbits/s speed=0.0973x elapsed=0:00:01.02    
frame=   45 fps= 29 q=23.0 size=    1024KiB time=00:00:01.43 bitrate=5852.8kbits/s speed=0.926x elapsed=0:00:01.54    
frame=   85 fps= 41 q=23.0 size=    2048KiB time=00:00:02.76 bitrate=6064.2kbits/s speed=1.35x elapsed=0:00:02.05    
frame=  124 fps= 48 q=23.0 size=    3072KiB time=00:00:04.06 bitrate=6188.4kbits/s speed=1.58x elapsed=0:00:02.57    
frame=  162 fps= 52 q=23.0 size=    3840KiB time=00:00:05.33 bitrate=5898.3kbits/s speed=1.73x elapsed=0:00:03.08    
frame=  204 fps= 57 q=23.0 size=    4864KiB time=00:00:06.73 bitrate=5917.8kbits/s speed=1.87x elapsed=0:00:03.60    
frame=  241 fps= 58 q=23.0 size=    5888KiB time=00:00:07.96 bitrate=6054.6kbits/s speed=1.93x elapsed=0:00:04.12    
frame=  285 fps= 61 q=23.0 size=    6912KiB time=00:00:09.43 bitrate=6002.5kbits/s speed=2.03x elapsed=0:00:04.64    
[mp4 @ 0000020098410dc0] Starting second pass: moving the moov atom to the beginning of the file
[out#0/mp4 @ 00000200983f3e00] video:7539KiB audio:0KiB subtitle:0KiB other streams:0KiB global headers:0KiB muxing overhead: 0.059508%
frame=  302 fps= 63 q=-1.0 Lsize=    7543KiB time=00:00:10.00 bitrate=6179.6kbits/s speed=2.09x elapsed=0:00:04.77    
[libx264 @ 000002009a2cdb80] frame I:2     Avg QP:17.21  size: 69060
[libx264 @ 000002009a2cdb80] frame P:76    Avg QP:17.88  size: 50012
[libx264 @ 000002009a2cdb80] frame B:224   Avg QP:18.88  size: 16876
[libx264 @ 000002009a2cdb80] consecutive B-frames:  0.7%  1.3%  0.0% 98.0%
[libx264 @ 000002009a2cdb80] mb I  I16..4:  2.6% 91.9%  5.5%
[libx264 @ 000002009a2cdb80] mb P  I16..4:  2.1% 42.9%  1.9%  P16..4: 25.6% 19.5%  7.4%  0.0%  0.0%    skip: 0.7%
[libx264 @ 000002009a2cdb80] mb B  I16..4:  0.2%  7.6%  0.2%  B16..8: 18.7%  8.7%  1.8%  direct: 6.1%  skip:56.6%  L0:53.4% L1:31.2% BI:15.4%
[libx264 @ 000002009a2cdb80] 8x8 transform intra:92.6% inter:79.4%
[libx264 @ 000002009a2cdb80] coded y,uvDC,uvAC intra: 88.4% 99.0% 86.8% inter: 33.4% 43.3% 16.9%
[libx264 @ 000002009a2cdb80] i16 v,h,dc,p:  3%  7%  6% 84%
[libx264 @ 000002009a2cdb80] i8 v,h,dc,ddl,ddr,vr,hd,vl,hu: 13% 21% 25%  6%  7%  5%  9%  5%  9%
[libx264 @ 000002009a2cdb80] i4 v,h,dc,ddl,ddr,vr,hd,vl,hu: 19% 28% 15%  6%  9%  5%  9%  4%  6%
[libx264 @ 000002009a2cdb80] i8c dc,h,v,p: 59% 23% 10%  8%
[libx264 @ 000002009a2cdb80] Weighted P-Frames: Y:0.0% UV:0.0%
[libx264 @ 000002009a2cdb80] ref P L0: 37.5%  9.6% 30.7% 22.2%
[libx264 @ 000002009a2cdb80] ref B L0: 67.1% 20.0% 12.8%
[libx264 @ 000002009a2cdb80] ref B L1: 98.5%  1.5%
[libx264 @ 000002009a2cdb80] kb/s:6134.48
